C51 COMPILER V9.01   DELAY                                                                 05/22/2018 09:30:08 PAGE 1   


C51 COMPILER V9.01, COMPILATION OF MODULE DELAY
OBJECT MODULE PLACED IN .\obj\Delay.obj
COMPILER INVOKED BY: C:\Keil\C51\BIN\C51.EXE scr\Delay.c BROWSE DEBUG OBJECTEXTEND PRINT(.\list\Delay.lst) OBJECT(.\obj\
                    -Delay.obj)

line level    source

   1          /*--------------------------------文*件*信*息-----------------------------
   2          * 文件名：  Delay.c
   3          * 版　本：  v1.0
   4          * 描  述：  100T双轴 整合后的版本
   5          * 创建人：   
   6          * 日  期：   
   7          --------------------------------------------------------------------------
   8          *当前版本:      v1.0
   9          *修 改 人:
  10          *日　  期:
  11          ----------------------------------修改履历--------------------------------
  12          1、
  13          2、
  14          3、
  15          4、
  16          ------------------------------------------------------------------------*/
  17          #include "_Include.h"
  18          
  19          //***********************************************************************///******************************
             -*****************************************/
  20          // *功    能：
  21          // *入    口：
  22          // *出    口：
  23          // *备    注：
  24          // *函数性质：
  25          //***********************************************************************/
  26          
  27          void delay_100us (void)
  28          {       U16 i;
  29   1              for(i=400;i>0;i--){ ; }
  30   1      }
  31          //***********************************************************************/
  32           #if 1
  33          void delay_ms_ (void)
  34          {       U8 i;
  35   1              for(i=10;i>0;i--)
  36   1              {       delay_100us();
  37   2              }
  38   1      }
  39          
  40          
  41          //***********************************************************************/
  42          void delay_ms (U16 n)
  43          {       U16 i;
  44   1              
  45   1              
  46   1              for(i=n;i>0;i--)
  47   1              {       delay_ms_();
  48   2              }
  49   1      }
  50          //void delay_cyc (U16 n)
  51          //{     
  52          //      while(n--);
  53          //}
C51 COMPILER V9.01   DELAY                                                                 05/22/2018 09:30:08 PAGE 2   

  54          //***********************************************************************/
  55          
  56          //*********************************************************************/
  57          
  58          
  59          
  60          
  61          
  62          #endif
  63          
  64          
  65          
  66          
  67          
  68          
  69          


MODULE INFORMATION:   STATIC OVERLAYABLE
   CODE SIZE        =     46    ----
   CONSTANT SIZE    =   ----    ----
   XDATA SIZE       =   ----    ----
   PDATA SIZE       =   ----    ----
   DATA SIZE        =   ----    ----
   IDATA SIZE       =   ----    ----
   BIT SIZE         =   ----    ----
END OF MODULE INFORMATION.


C51 COMPILATION COMPLETE.  0 WARNING(S),  0 ERROR(S)
