C51 COMPILER V9.01   TIMER                                                                 05/22/2018 09:30:09 PAGE 1   


C51 COMPILER V9.01, COMPILATION OF MODULE TIMER
OBJECT MODULE PLACED IN .\obj\Timer.obj
COMPILER INVOKED BY: C:\Keil\C51\BIN\C51.EXE scr\Timer.c BROWSE DEBUG OBJECTEXTEND PRINT(.\list\Timer.lst) OBJECT(.\obj\
                    -Timer.obj)

line level    source

   1          /*--------------------------------文*件*信*息-----------------------------
   2          * 文件名：  Time.c
   3          * 版　本：  v1.0
   4          * 描  述：  100T双轴 整合后的版本
   5          * 创建人：  
   6          * 日  期：  
   7          --------------------------------------------------------------------------
   8          *当前版本:      v1.0
   9          *修 改 人:
  10          *日　  期:
  11          ----------------------------------修改履历--------------------------------
  12          1、
  13          2、
  14          3、
  15          4、
  16          ------------------------------------------------------------------------*/
  17          #define   __TIMER_C__
  18          #include "_Include.h"
  19          
  20          static xdata U8 count;
  21          static xdata U8 count_in;
  22          U16 xdata sum_temp;
  23          U8  xdata vas;
  24          
  25          
  26          
  27          //***********************************************************************/
  28          // *功    能：
  29          // *入    口：
  30          // *出    口：
  31          // *备    注：
  32          // *函数性质：
  33          //***********************************************************************/
  34          void Timer2_Init (void)
  35          {       
  36   1              U8 SfrPage_ = SFRPAGE;
  37   1              SFRPAGE = ACTIVE_PAGE;  
  38   1              TMR2CN  = 0x00;                                                 // Stop Timer2; Clear TF2;      
  39   1              CKCON  |= 0x10;                                                 // Select SYSCLK for timer 2 source             0x30
  40   1              TMR2RL  = -(SYSCLK/1000);                               // Init reload value for 1ms                    65536-(SYSCLK/10000)--100us
  41   1              TMR2    = 0xFFFF;                                               // Set to reload immediately
  42   1              IP |= 0x40;
  43   1              ET2             = 1;                                                    // Enable Timer2 interrupts
  44   1              TR2             = 1;                                                    // Start Timer2
  45   1              SFRPAGE = SfrPage_;
  46   1              MainTime4Cnt=3990;
  47   1      }       
  48          
  49          
  50          
  51          /***********************************************************************/
  52          // *功能：
  53          // *入口：主动发送时间周期，轮询COMM的时间周期
  54          // *出口：
C51 COMPILER V9.01   TIMER                                                                 05/22/2018 09:30:09 PAGE 2   

  55          // *备注：
  56          // *函数性质：
  57          /***********************************************************************/
  58          #if 1
  59          void Timer2_ISR (void) interrupt 5
  60          {
  61   1              TF2H = 0;                                                               // Clear Timer2 interrupt flag
  62   1              Timer2_TaskInIsr();
  63   1      }
  64          
  65          /***********************************************************************/
  66          
  67          #define MAIN_TIME1_INIT (1000/100)
  68          #define MAIN_TIME2_INIT (1000/8)
  69          #define MAIN_TIME3_INIT (1000/2)
  70          #define MAIN_TIME4_INIT (1000/1)
  71          
  72          //static   U8 MainTime4En  = OFF;
  73          
  74          /***********************************************************************/
  75          // *功能：定时器2 控制主动发送模式的频率和时间周期
  76          // *入口：
  77          // *出口：
  78          // *备注：
  79          // *函数性质：
  80          /***********************************************************************/
  81          
  82          void Timer2_TaskInIsr (void)
  83          {                               
  84   1              Comm_TimerProc();                                               // CommTimer=10 轮询COMM的时间周期
  85   1      
  86   1      }
  87          #endif
  88          
  89          


MODULE INFORMATION:   STATIC OVERLAYABLE
   CODE SIZE        =    106    ----
   CONSTANT SIZE    =   ----    ----
   XDATA SIZE       =      7    ----
   PDATA SIZE       =   ----    ----
   DATA SIZE        =   ----    ----
   IDATA SIZE       =   ----    ----
   BIT SIZE         =   ----    ----
END OF MODULE INFORMATION.


C51 COMPILATION COMPLETE.  0 WARNING(S),  0 ERROR(S)
